nohup: ignoring input
/home/ubuntu/kiro-gen/panel_add_ui.py:305: SyntaxWarning: invalid escape sequence '\/'
  modal_info = page.evaluate("""() => {
[+] Found 20 unique accounts
[+] After skipping already-added: 19 accounts to add

============================================================
[+] Adding account 1/19: ax3p0kzyk6@havenhaus.in
============================================================

  ── PANEL ADD (UI Device Auth): ax3p0kzyk6@havenhaus.in ──
  [*] Logging into panel...
  [*] Navigating to Kiro provider page...
  [*] Waiting for page load... (9 buttons)
  [*] Waiting for page load... (9 buttons)
  [+] Page loaded: 621 buttons
  [*] Clicking Add button...
  [*] Buttons with 'add': ['addAdd', 'addAdd Model']
  [+] Add button clicked
  [*] Clicking AWS Builder ID...
  [+] AWS Builder ID clicked
  [*] Extracting login URL from modal...
  [+] Login URL: https://view.awsapps.com/start/#/device?user_code=JGMZ-FWCZ
  [+] User Code: JGMZ-FWCZ
  [*] Navigating to AWS login...
  [+] Page title: Amazon Web Services
  [+] Current URL: https://us-east-1.signin.aws/platform/d-9067642ac7/login?workflowStateHandle=52ae4dcc-6ee9-486e-aca1
  [*] Filling email...
  [+] Found 1 visible inputs
  [+] Email filled
  [*] Filling password...
  [!] Password page not loaded after waiting
  [!] Screenshot saved to /tmp/aws_password_debug.png

[❌ FAILED] ax3p0kzyk6@havenhaus.in
  [*] Waiting 15s...

============================================================
[+] Adding account 2/19: 3b6q9gvgrt@havenhaus.in
============================================================

  ── PANEL ADD (UI Device Auth): 3b6q9gvgrt@havenhaus.in ──
  [*] Logging into panel...
  [*] Navigating to Kiro provider page...
  [*] Waiting for page load... (9 buttons)
  [*] Waiting for page load... (9 buttons)
  [*] Waiting for page load... (9 buttons)
  [*] Waiting for page load... (9 buttons)
  [+] Page loaded: 621 buttons
  [*] Clicking Add button...
  [*] Buttons with 'add': ['addAdd', 'addAdd Model']
  [+] Add button clicked
  [*] Clicking AWS Builder ID...
  [+] AWS Builder ID clicked
  [*] Extracting login URL from modal...
  [+] Login URL: https://view.awsapps.com/start/#/device?user_code=KVXG-DHNH
  [+] User Code: KVXG-DHNH
  [*] Navigating to AWS login...
  [+] Page title: Amazon Web Services
  [+] Current URL: https://us-east-1.signin.aws/platform/d-9067642ac7/login?workflowStateHandle=98701654-b8dd-4c62-b85b
  [*] Filling email...
  [+] Found 1 visible inputs
  [+] Email filled
  [*] Filling password...
  [!] Password page not loaded after waiting
  [!] Screenshot saved to /tmp/aws_password_debug.png

[❌ FAILED] 3b6q9gvgrt@havenhaus.in
  [*] Waiting 20s...

============================================================
[+] Adding account 3/19: glenn64palmer@havenhaus.in
============================================================

  ── PANEL ADD (UI Device Auth): glenn64palmer@havenhaus.in ──
  [*] Logging into panel...
  [*] Navigating to Kiro provider page...
  [*] Waiting for page load... (9 buttons)
  [*] Waiting for page load... (9 buttons)
  [*] Waiting for page load... (9 buttons)
  [*] Waiting for page load... (9 buttons)
  [*] Waiting for page load... (9 buttons)
  [*] Waiting for page load... (9 buttons)
  [+] Page loaded: 621 buttons
  [*] Clicking Add button...
  [*] Buttons with 'add': ['addAdd', 'addAdd Model']
  [+] Add button clicked
  [*] Clicking AWS Builder ID...
  [+] AWS Builder ID clicked
  [*] Extracting login URL from modal...
  [!] Could not extract login URL from modal

[❌ FAILED] glenn64palmer@havenhaus.in
  [*] Waiting 25s...

============================================================
[+] Adding account 4/19: wcb53bjea2@havenhaus.in
============================================================

  ── PANEL ADD (UI Device Auth): wcb53bjea2@havenhaus.in ──
  [*] Logging into panel...
  [*] Navigating to Kiro provider page...
  [*] Waiting for page load... (9 buttons)
  [*] Waiting for page load... (9 buttons)
  [*] Waiting for page load... (9 buttons)
  [*] Waiting for page load... (9 buttons)
  [+] Page loaded: 621 buttons
  [*] Clicking Add button...
  [*] Buttons with 'add': ['addAdd', 'addAdd Model']
  [+] Add button clicked
  [*] Clicking AWS Builder ID...
  [+] AWS Builder ID clicked
  [*] Extracting login URL from modal...
  [+] Login URL: https://view.awsapps.com/start/#/device?user_code=HLHW-HXCD
  [+] User Code: HLHW-HXCD
  [*] Navigating to AWS login...
  [+] Page title: Amazon Web Services
  [+] Current URL: https://us-east-1.signin.aws/platform/d-9067642ac7/login?workflowStateHandle=230ca421-b715-4ad6-b38b
  [*] Filling email...
  [+] Found 1 visible inputs
  [+] Email filled
  [*] Enter your name page detected, filling name...
  [!] Name not filled, trying Continue...
  [*] Filling password...
  [!] Password page not loaded after waiting
  [!] Screenshot saved to /tmp/aws_password_debug.png

[❌ FAILED] wcb53bjea2@havenhaus.in
  [*] Waiting 30s...

============================================================
[+] Adding account 5/19: o8rep9h8uk@havenhaus.in
============================================================

  ── PANEL ADD (UI Device Auth): o8rep9h8uk@havenhaus.in ──
  [*] Logging into panel...
  [*] Navigating to Kiro provider page...
  [*] Waiting for page load... (9 buttons)
  [*] Waiting for page load... (9 buttons)
  [*] Waiting for page load... (9 buttons)
  [+] Page loaded: 621 buttons
  [*] Clicking Add button...
  [*] Buttons with 'add': ['addAdd', 'addAdd Model']
  [+] Add button clicked
  [*] Clicking AWS Builder ID...
  [+] AWS Builder ID clicked
  [*] Extracting login URL from modal...
  [+] Login URL: https://view.awsapps.com/start/#/device?user_code=MJXX-WMBM
  [+] User Code: MJXX-WMBM
  [*] Navigating to AWS login...
  [+] Page title: Amazon Web Services
  [+] Current URL: https://us-east-1.signin.aws/platform/d-9067642ac7/login?workflowStateHandle=53ed076b-f42a-4893-9fa7
  [*] Filling email...
  [+] Found 1 visible inputs
  [+] Email filled
  [*] Enter your name page detected, filling name...
  [!] Name not filled, trying Continue...
  [*] Filling password...
  [!] Password page not loaded after waiting
  [!] Screenshot saved to /tmp/aws_password_debug.png

[❌ FAILED] o8rep9h8uk@havenhaus.in
  [*] Waiting 35s...

============================================================
[+] Adding account 6/19: cgg0r7pfis@havenhaus.in
============================================================

  ── PANEL ADD (UI Device Auth): cgg0r7pfis@havenhaus.in ──
  [*] Logging into panel...
  [*] Navigating to Kiro provider page...
  [*] Waiting for page load... (9 buttons)
  [*] Waiting for page load... (9 buttons)
  [*] Waiting for page load... (9 buttons)
  [*] Waiting for page load... (9 buttons)
  [*] Waiting for page load... (9 buttons)
  [+] Page loaded: 621 buttons
  [*] Clicking Add button...
  [*] Buttons with 'add': ['addAdd', 'addAdd Model']
  [+] Add button clicked
  [*] Clicking AWS Builder ID...
  [+] AWS Builder ID clicked
  [*] Extracting login URL from modal...
  [+] Login URL: https://view.awsapps.com/start/#/device?user_code=FRSJ-ZLHV
  [+] User Code: FRSJ-ZLHV
  [*] Navigating to AWS login...
  [+] Page title: Amazon Web Services
  [+] Current URL: https://us-east-1.signin.aws/platform/d-9067642ac7/login?workflowStateHandle=afc79b0b-1d3d-44e5-b369
  [*] Filling email...
  [+] Found 1 visible inputs
  [+] Email filled
  [*] Enter your name page detected, filling name...
  [!] Name not filled, trying Continue...
  [*] Filling password...
  [!] Password page not loaded after waiting
  [!] Screenshot saved to /tmp/aws_password_debug.png

[❌ FAILED] cgg0r7pfis@havenhaus.in
  [*] Waiting 40s...

============================================================
[+] Adding account 7/19: d2yrlsw96i@havenhaus.in
============================================================

  ── PANEL ADD (UI Device Auth): d2yrlsw96i@havenhaus.in ──
  [*] Logging into panel...
  [*] Navigating to Kiro provider page...
  [*] Waiting for page load... (9 buttons)
  [*] Waiting for page load... (9 buttons)
  [*] Waiting for page load... (9 buttons)
  [*] Waiting for page load... (9 buttons)
  [*] Waiting for page load... (9 buttons)
  [*] Waiting for page load... (9 buttons)
  [+] Page loaded: 621 buttons
  [*] Clicking Add button...
  [*] Buttons with 'add': ['addAdd', 'addAdd Model']
  [+] Add button clicked
  [*] Clicking AWS Builder ID...
  [+] AWS Builder ID clicked
  [*] Extracting login URL from modal...
  [!] Could not extract login URL from modal

[❌ FAILED] d2yrlsw96i@havenhaus.in
  [*] Waiting 45s...

============================================================
[+] Adding account 8/19: buco0ftwsn@havenhaus.in
============================================================

  ── PANEL ADD (UI Device Auth): buco0ftwsn@havenhaus.in ──
  [*] Logging into panel...
  [*] Navigating to Kiro provider page...
  [*] Waiting for page load... (9 buttons)
  [*] Waiting for page load... (9 buttons)
  [+] Page loaded: 621 buttons
  [*] Clicking Add button...
  [*] Buttons with 'add': ['addAdd', 'addAdd Model']
  [+] Add button clicked
  [*] Clicking AWS Builder ID...
  [+] AWS Builder ID clicked
  [*] Extracting login URL from modal...
  [+] Login URL: https://view.awsapps.com/start/#/device?user_code=HSDW-LKRH
  [+] User Code: HSDW-LKRH
  [*] Navigating to AWS login...
  [+] Page title: Amazon Web Services
  [+] Current URL: https://us-east-1.signin.aws/platform/d-9067642ac7/login?workflowStateHandle=064a8b6b-bd4e-4049-bfe2
  [*] Filling email...
  [+] Found 1 visible inputs
  [+] Email filled
  [*] Enter your name page detected, filling name...
  [!] Name not filled, trying Continue...
  [*] Filling password...
  [!] Password page not loaded after waiting
  [!] Screenshot saved to /tmp/aws_password_debug.png

[❌ FAILED] buco0ftwsn@havenhaus.in
  [*] Waiting 50s...

============================================================
[+] Adding account 9/19: 5b717roxmg@havenhaus.in
============================================================

  ── PANEL ADD (UI Device Auth): 5b717roxmg@havenhaus.in ──
  [*] Logging into panel...
  [*] Navigating to Kiro provider page...
  [*] Waiting for page load... (9 buttons)
  [*] Waiting for page load... (9 buttons)
  [+] Page loaded: 621 buttons
  [*] Clicking Add button...
  [*] Buttons with 'add': ['addAdd', 'addAdd Model']
  [+] Add button clicked
  [*] Clicking AWS Builder ID...
  [+] AWS Builder ID clicked
  [*] Extracting login URL from modal...
  [+] Login URL: https://view.awsapps.com/start/#/device?user_code=RFPX-VQZR
  [+] User Code: RFPX-VQZR
  [*] Navigating to AWS login...
  [+] Page title: Amazon Web Services
  [+] Current URL: https://us-east-1.signin.aws/platform/d-9067642ac7/login?workflowStateHandle=3fe7efaf-670c-4db6-bf0a
  [*] Filling email...
  [+] Found 1 visible inputs
  [+] Email filled
  [*] Enter your name page detected, filling name...
  [!] Name not filled, trying Continue...
  [*] Filling password...
  [!] Password page not loaded after waiting
  [!] Screenshot saved to /tmp/aws_password_debug.png

[❌ FAILED] 5b717roxmg@havenhaus.in
  [*] Waiting 55s...

============================================================
[+] Adding account 10/19: g13ue7snry@havenhaus.in
============================================================

  ── PANEL ADD (UI Device Auth): g13ue7snry@havenhaus.in ──
  [*] Logging into panel...
  [*] Navigating to Kiro provider page...
  [*] Waiting for page load... (9 buttons)
  [*] Waiting for page load... (9 buttons)
  [+] Page loaded: 621 buttons
  [*] Clicking Add button...
  [*] Buttons with 'add': ['addAdd', 'addAdd Model']
  [+] Add button clicked
  [*] Clicking AWS Builder ID...
  [+] AWS Builder ID clicked
  [*] Extracting login URL from modal...
  [+] Login URL: https://view.awsapps.com/start/#/device?user_code=TLJF-MGGV
  [+] User Code: TLJF-MGGV
  [*] Navigating to AWS login...
  [+] Page title: Amazon Web Services
  [+] Current URL: https://us-east-1.signin.aws/platform/d-9067642ac7/login?workflowStateHandle=dfae628e-8516-425e-b16e
  [*] Filling email...
  [+] Found 1 visible inputs
  [+] Email filled
  [*] Enter your name page detected, filling name...
  [!] Name not filled, trying Continue...
  [*] Filling password...
  [!] Password page not loaded after waiting
  [!] Screenshot saved to /tmp/aws_password_debug.png

[❌ FAILED] g13ue7snry@havenhaus.in
  [*] Waiting 60s...

============================================================
[+] Adding account 11/19: tq5h1bobc7@havenhaus.in
============================================================

  ── PANEL ADD (UI Device Auth): tq5h1bobc7@havenhaus.in ──
  [*] Logging into panel...
  [*] Navigating to Kiro provider page...
  [*] Waiting for page load... (9 buttons)
  [*] Waiting for page load... (9 buttons)
  [+] Page loaded: 621 buttons
  [*] Clicking Add button...
  [*] Buttons with 'add': ['addAdd', 'addAdd Model']
  [+] Add button clicked
  [*] Clicking AWS Builder ID...
  [+] AWS Builder ID clicked
  [*] Extracting login URL from modal...
  [+] Login URL: https://view.awsapps.com/start/#/device?user_code=RFKX-LNKD
  [+] User Code: RFKX-LNKD
  [*] Navigating to AWS login...
  [+] Page title: Amazon Web Services
  [+] Current URL: https://us-east-1.signin.aws/platform/d-9067642ac7/login?workflowStateHandle=7c191a3a-d9ed-4bb3-9176
  [*] Filling email...
  [+] Found 1 visible inputs
  [+] Email filled
  [*] Filling password...
  [!] Password page not loaded after waiting
  [!] Screenshot saved to /tmp/aws_password_debug.png

[❌ FAILED] tq5h1bobc7@havenhaus.in
  [*] Waiting 65s...

============================================================
[+] Adding account 12/19: 34annrs3pc@havenhaus.in
============================================================

  ── PANEL ADD (UI Device Auth): 34annrs3pc@havenhaus.in ──
  [*] Logging into panel...
  [*] Navigating to Kiro provider page...
  [*] Waiting for page load... (9 buttons)
  [*] Waiting for page load... (9 buttons)
  [+] Page loaded: 621 buttons
  [*] Clicking Add button...
  [*] Buttons with 'add': ['addAdd', 'addAdd Model']
  [+] Add button clicked
  [*] Clicking AWS Builder ID...
  [+] AWS Builder ID clicked
  [*] Extracting login URL from modal...
  [+] Login URL: https://view.awsapps.com/start/#/device?user_code=PKSQ-FLKZ
  [+] User Code: PKSQ-FLKZ
  [*] Navigating to AWS login...
  [+] Page title: Amazon Web Services
  [+] Current URL: https://us-east-1.signin.aws/platform/d-9067642ac7/login?workflowStateHandle=e7937752-dc35-4ea3-b0cd
  [*] Filling email...
  [+] Found 1 visible inputs
  [+] Email filled
  [*] Filling password...
  [!] Password page not loaded after waiting
  [!] Screenshot saved to /tmp/aws_password_debug.png

[❌ FAILED] 34annrs3pc@havenhaus.in
  [*] Waiting 70s...

============================================================
[+] Adding account 13/19: puizvy7pbk@havenhaus.in
============================================================

  ── PANEL ADD (UI Device Auth): puizvy7pbk@havenhaus.in ──
  [*] Logging into panel...
  [*] Navigating to Kiro provider page...
  [*] Waiting for page load... (9 buttons)
  [+] Page loaded: 621 buttons
  [*] Clicking Add button...
  [*] Buttons with 'add': ['addAdd', 'addAdd Model']
  [+] Add button clicked
  [*] Clicking AWS Builder ID...
  [+] AWS Builder ID clicked
  [*] Extracting login URL from modal...
  [!] Could not extract login URL from modal

[❌ FAILED] puizvy7pbk@havenhaus.in
  [*] Waiting 75s...

============================================================
[+] Adding account 14/19: ipgxiccrw0@havenhaus.in
============================================================

  ── PANEL ADD (UI Device Auth): ipgxiccrw0@havenhaus.in ──
  [*] Logging into panel...
  [*] Navigating to Kiro provider page...
  [*] Waiting for page load... (9 buttons)
  [+] Page loaded: 621 buttons
  [*] Clicking Add button...
  [*] Buttons with 'add': ['addAdd', 'addAdd Model']
  [+] Add button clicked
  [*] Clicking AWS Builder ID...
  [+] AWS Builder ID clicked
  [*] Extracting login URL from modal...
  [+] Login URL: https://view.awsapps.com/start/#/device?user_code=RNFR-BKBH
  [+] User Code: RNFR-BKBH
  [*] Navigating to AWS login...
  [+] Page title: Amazon Web Services
  [+] Current URL: https://us-east-1.signin.aws/platform/d-9067642ac7/login?workflowStateHandle=4f35031e-d52c-4ca5-a07c
  [*] Filling email...
  [+] Found 1 visible inputs
  [+] Email filled
  [*] Enter your name page detected, filling name...
  [!] Name not filled, trying Continue...
  [*] Filling password...
  [!] Password page not loaded after waiting
  [!] Screenshot saved to /tmp/aws_password_debug.png

[❌ FAILED] ipgxiccrw0@havenhaus.in
  [*] Waiting 80s...

============================================================
[+] Adding account 15/19: ht9ja00wfd@havenhaus.in
============================================================

  ── PANEL ADD (UI Device Auth): ht9ja00wfd@havenhaus.in ──
  [*] Logging into panel...
  [*] Navigating to Kiro provider page...
  [*] Waiting for page load... (9 buttons)
  [+] Page loaded: 621 buttons
  [*] Clicking Add button...
  [*] Buttons with 'add': ['addAdd', 'addAdd Model']
  [+] Add button clicked
  [*] Clicking AWS Builder ID...
  [+] AWS Builder ID clicked
  [*] Extracting login URL from modal...
  [+] Login URL: https://view.awsapps.com/start/#/device?user_code=FLBS-PHMZ
  [+] User Code: FLBS-PHMZ
  [*] Navigating to AWS login...
  [+] Page title: Amazon Web Services
  [+] Current URL: https://us-east-1.signin.aws/platform/d-9067642ac7/login?workflowStateHandle=812f86b9-1a41-4ea4-9d86
  [*] Filling email...
  [+] Found 1 visible inputs
  [+] Email filled
  [*] Filling password...
  [!] Password page not loaded after waiting
  [!] Screenshot saved to /tmp/aws_password_debug.png

[❌ FAILED] ht9ja00wfd@havenhaus.in
  [*] Waiting 85s...

============================================================
[+] Adding account 16/19: vhfvl3ka59@havenhaus.in
============================================================

  ── PANEL ADD (UI Device Auth): vhfvl3ka59@havenhaus.in ──
  [*] Logging into panel...
  [*] Navigating to Kiro provider page...
  [*] Waiting for page load... (9 buttons)
  [+] Page loaded: 621 buttons
  [*] Clicking Add button...
  [*] Buttons with 'add': ['addAdd', 'addAdd Model']
  [+] Add button clicked
  [*] Clicking AWS Builder ID...
  [+] AWS Builder ID clicked
  [*] Extracting login URL from modal...
  [+] Login URL: https://view.awsapps.com/start/#/device?user_code=XXND-TBJD
  [+] User Code: XXND-TBJD
  [*] Navigating to AWS login...
  [+] Page title: Amazon Web Services
  [+] Current URL: https://us-east-1.signin.aws/platform/d-9067642ac7/login?workflowStateHandle=c7f69bc8-592a-4010-9037
  [*] Filling email...
  [+] Found 1 visible inputs
  [+] Email filled
  [*] Filling password...
  [!] Password page not loaded after waiting
  [!] Screenshot saved to /tmp/aws_password_debug.png

[❌ FAILED] vhfvl3ka59@havenhaus.in
  [*] Waiting 90s...

============================================================
[+] Adding account 17/19: m7rbu7ntqm@havenhaus.in
============================================================

  ── PANEL ADD (UI Device Auth): m7rbu7ntqm@havenhaus.in ──
  [*] Logging into panel...
  [*] Navigating to Kiro provider page...
  [*] Waiting for page load... (9 buttons)
  [*] Waiting for page load... (9 buttons)
  [+] Page loaded: 621 buttons
  [*] Clicking Add button...
  [*] Buttons with 'add': ['addAdd', 'addAdd Model']
  [+] Add button clicked
  [*] Clicking AWS Builder ID...
  [+] AWS Builder ID clicked
  [*] Extracting login URL from modal...
  [+] Login URL: https://view.awsapps.com/start/#/device?user_code=DKZD-RPMJ
  [+] User Code: DKZD-RPMJ
  [*] Navigating to AWS login...
  [+] Page title: Amazon Web Services
  [+] Current URL: https://us-east-1.signin.aws/platform/d-9067642ac7/login?workflowStateHandle=52e127d4-8537-48a2-98f1
  [*] Filling email...
  [+] Found 1 visible inputs
  [+] Email filled
  [*] Enter your name page detected, filling name...
  [!] Name not filled, trying Continue...
  [*] Filling password...
  [!] Password page not loaded after waiting
  [!] Screenshot saved to /tmp/aws_password_debug.png

[❌ FAILED] m7rbu7ntqm@havenhaus.in
  [*] Waiting 95s...

============================================================
[+] Adding account 18/19: vxk3w456dl@havenhaus.in
============================================================

  ── PANEL ADD (UI Device Auth): vxk3w456dl@havenhaus.in ──
  [*] Logging into panel...
  [*] Navigating to Kiro provider page...
  [*] Waiting for page load... (9 buttons)
  [+] Page loaded: 621 buttons
  [*] Clicking Add button...
  [*] Buttons with 'add': ['addAdd', 'addAdd Model']
  [+] Add button clicked
  [*] Clicking AWS Builder ID...
  [+] AWS Builder ID clicked
  [*] Extracting login URL from modal...
  [+] Login URL: https://view.awsapps.com/start/#/device?user_code=QLLD-MJJH
  [+] User Code: QLLD-MJJH
  [*] Navigating to AWS login...
  [+] Page title: Amazon Web Services
  [+] Current URL: https://us-east-1.signin.aws/platform/d-9067642ac7/login?workflowStateHandle=fa99bb4c-45bd-4f21-bdd7
  [*] Filling email...
  [+] Found 1 visible inputs
  [+] Email filled
  [*] Enter your name page detected, filling name...
  [!] Name not filled, trying Continue...
  [*] Filling password...
  [!] Password page not loaded after waiting
  [!] Screenshot saved to /tmp/aws_password_debug.png

[❌ FAILED] vxk3w456dl@havenhaus.in
  [*] Waiting 100s...

============================================================
[+] Adding account 19/19: powell707@havenhaus.in
============================================================

  ── PANEL ADD (UI Device Auth): powell707@havenhaus.in ──
  [*] Logging into panel...
  [*] Navigating to Kiro provider page...
  [*] Waiting for page load... (9 buttons)
  [+] Page loaded: 621 buttons
  [*] Clicking Add button...
  [*] Buttons with 'add': ['addAdd', 'addAdd Model']
  [+] Add button clicked
  [*] Clicking AWS Builder ID...
  [+] AWS Builder ID clicked
  [*] Extracting login URL from modal...
  [!] Could not extract login URL from modal

[❌ FAILED] powell707@havenhaus.in
  [*] Waiting 105s...

============================================================
[+] DONE: 0/19 accounts added to panel
============================================================
