[*] Creating 10 accounts...

[1/10] Creating account: hlh3sh6gb6@havenhaus.in
  Name: Vihaan Garcia
  [+] Token captured! RT: aorAAAAAGr02Cgj3HFHwCu4uSs5Wn8...

[2/10] Creating account: 2h0jd6angh@havenhaus.in
  Name: Vivaan Gupta
  [!] Error: No Allow button. Buttons: Verify | Continue | Cookie preferences

[3/10] Creating account: llo8jgqvmg@havenhaus.in
  Name: Vihaan Iyer
  [!] Error: No Allow button. Buttons: Verify | Continue | Cookie preferences

[4/10] Creating account: 7bs80g3mtd@havenhaus.in
  Name: Theodore Malhotra
  [!] Error: No Allow button. Buttons: Verify | Continue | Cookie preferences

[5/10] Creating account: 3fb9o0pciq@havenhaus.in
  Name: Ethan Gupta
  [!] Error: No Allow button. Buttons: Verify | Continue | Cookie preferences

[6/10] Creating account: y797frqto5@havenhaus.in
  Name: Theodore Johnson
  [!] Error: No Allow button. Buttons: Verify | Continue | Cookie preferences

[7/10] Creating account: ityhbf7j95@havenhaus.in
  Name: Ethan Rao
  [!] Error: No Allow button. Buttons: Verify | Continue | Cookie preferences

[8/10] Creating account: su57sfi5vw@havenhaus.in
  Name: Jackson Chopra
  [!] Error: No Allow button. Buttons: Verify | Continue | Cookie preferences

[9/10] Creating account: 4a9cx4cxf7@havenhaus.in
  Name: Kabir Hernandez
  [!] Error: No Allow button. Buttons: Verify | Continue | Cookie preferences

[10/10] Creating account: eoa0vg5qcb@havenhaus.in
  Name: Alexander Lopez
  [!] Error: No Allow button. Buttons: Continue | Cookie preferences

[+] Summary: 1 success, 9 failed
