nohup: ignoring input
[*] Creating 10 accounts...

[1/10] 62kur1njia@havenhaus.in (Mason Garcia)
  Password: TestPass1186#
  [!] Error: No Allow. Body: Enter your name
Email
r7cv5jqb7g@havenhaus.in
Change
Name
Continue
Privacy
|
Site terms
|
Cookie preferences
© 2026, Amazon Web Servic

[2/10] d8o77a4gde@havenhaus.in (Jackson Singh)
  Password: TestPass4397#
    Email page detected. Filling: d8o77a4gde@havenhaus.in
    Email submitted
    After email: Get started
Email
Continue
OR
Continue with Google
Continue with Apple
Continue 
  [!] Error: No Allow. Body: Enter your name
Email
wokqm8f2ry@havenhaus.in
Change
Name
Continue
Privacy
|
Site terms
|
Cookie preferences
© 2026, Amazon Web Servic

[3/10] swq3b6pxkk@havenhaus.in (Logan Iyer)
  Password: TestPass7107#
    Email page detected. Filling: swq3b6pxkk@havenhaus.in
    Email submitted
    After email: Get started
Email
Continue
OR
Continue with Google
Continue with Apple
Continue 
  [!] Error: No Allow. Body: Enter your name
Email
7jxk8qs15t@havenhaus.in
Change
Name
Continue
Privacy
|
Site terms
|
Cookie preferences
© 2026, Amazon Web Servic

[4/10] kzo7od6ckf@havenhaus.in (Atharv Gupta)
  Password: TestPass7786!
    Email page detected. Filling: kzo7od6ckf@havenhaus.in
    Email submitted
    After email: Get started
Email
Continue
OR
Continue with Google
Continue with Apple
Continue 
  [!] Error: No Allow. Body: Enter your name
Email
ae3b18o731@havenhaus.in
Change
Name
Continue
Privacy
|
Site terms
|
Cookie preferences
© 2026, Amazon Web Servic

[5/10] 2w7vyzxapg@havenhaus.in (Krishna Rao)
  Password: TestPass1803@
    Email page detected. Filling: 2w7vyzxapg@havenhaus.in
    Email submitted
    After email: Get started
Email
Continue
OR
Continue with Google
Continue with Apple
Continue 
  [!] Error: No Allow. Body: Enter your name
Email
daa68wx55q@havenhaus.in
Change
Name
Continue
Privacy
|
Site terms
|
Cookie preferences
© 2026, Amazon Web Servic

[6/10] pod5lhhwg5@havenhaus.in (Ethan Johnson)
  Password: TestPass6463@
    Email page detected. Filling: pod5lhhwg5@havenhaus.in
    Email submitted
    After email: Get started
Email
Continue
OR
Continue with Google
Continue with Apple
Continue 
  [!] Error: No Allow. Body: Enter your name
Email
rnsqlxtwgy@havenhaus.in
Change
Name
Continue
Privacy
|
Site terms
|
Cookie preferences
© 2026, Amazon Web Servic

[7/10] 15rxs39edj@havenhaus.in (Krishna Sharma)
  Password: TestPass3773$
    Email page detected. Filling: 15rxs39edj@havenhaus.in
    Email submitted
    After email: Get started
Email
Continue
OR
Continue with Google
Continue with Apple
Continue 
  [!] Error: No Allow. Body: Enter your name
Email
k3bpzqzjdf@havenhaus.in
Change
Name
Continue
Privacy
|
Site terms
|
Cookie preferences
© 2026, Amazon Web Servic

[8/10] 5oirhlj3tr@havenhaus.in (William Gupta)
  Password: TestPass3856!
    Email page detected. Filling: 5oirhlj3tr@havenhaus.in
    Email submitted
    After email: Enter your name
Email
5oirhlj3tr@havenhaus.in
Change
Name
Continue
Privacy
|
Sit
    Name page detected. Filling: William Gupta
    Name submitted
    After name: Verify your email

We just sent a verification code to your email. It may take u
    OTP page detected. Extracting OTP...
    OTP: 233873
    After OTP: Create your password
Email
5oirhlj3tr@havenhaus.in
Password
Confirm password
Sho
    Confirm page detected.
    Clicked: Continue
  [!] Error: No Allow. Body: Create your password
Email
5oirhlj3tr@havenhaus.in
Password
Invalid password
Confirm password
Show password
Continue
Privacy
|
Site te

[9/10] qh4adonrms@havenhaus.in (Logan Lopez)
  Password: TestPass4594!
    Password page (email pre-filled). Filling password...
    Password submitted
ue with Google
Continue with Apple
Continue 
  [!] Error: No Allow. Body: Enter your name
Email
2w7vyzxapg@havenhaus.in
Change
Name
Continue
Privacy
|
Site terms
|
Cookie preferences
© 2026, Amazon Web Servic

[8/10] daa68wx55q@havenhaus.in (Krishna Rao)
  Password: TestPass7896@
    Email page detected. Filling: daa68wx55q@havenhaus.in
    Email submitted
    After email: Get started
Email
Continue
OR
Continue with Google
Continue with Apple
Continue 
  [!] Error: No Allow. Body: Enter your name
Email
pod5lhhwg5@havenhaus.in
Change
Name
Continue
Privacy
|
Site terms
|
Cookie preferences
© 2026, Amazon Web Servic

[9/10] rnsqlxtwgy@havenhaus.in (Liam Mehta)
  Password: TestPass4018#
    Email page detected. Filling: rnsqlxtwgy@havenhaus.in
    Email submitted
    After email: Get started
Email
Continue
OR
Continue with Google
Continue with Apple
Continue 
  [!] Error: No Allow. Body: Verify your email

We just sent a verification code to your email. It may take up to 5 minutes for the code to arrive.

Email
15rxs39e

[10/10] k3bpzqzjdf@havenhaus.in (Aarav Iyer)
  Password: TestPass4267!
    Email page detected. Filling: k3bpzqzjdf@havenhaus.in
    Email submitted
    After email: Get started
Email
Continue
OR
Continue with Google
Continue with Apple
Continue 
  [!] Error: No Allow. Body: Enter your name
Email
5oirhlj3tr@havenhaus.in
Change
Name
Continue
Privacy
|
Site terms
|
Cookie preferences
© 2026, Amazon Web Servic

[+] Summary: 0 success, 10 failed
