nohup: ignoring input
[*] Creating 10 accounts...
[1/10] ahtavb3ghk@havenhaus.in (Advik Sharma)
  Password: TestPass8976@
    Initial body: 

Allow kiro-bc1ac535 to access your data?
By choosing Allow access, you agree to allow kiro-bc1ac53
    Allow clicked - exiting flow
  [!] Error: Timeout waiting for auth code
[2/10] v5018245z3@havenhaus.in (James Verma)
  Password: TestPass5116!
    Initial body: 

Allow kiro-c9eb922c to access your data?
By choosing Allow access, you agree to allow kiro-c9eb922
    Allow clicked - exiting flow
  [!] Error: Timeout waiting for auth code
[3/10] o1jo0ibmhw@havenhaus.in (James Johnson)
  Password: TestPass6364#
    Initial body: 

Allow kiro-d3f333de to access your data?
By choosing Allow access, you agree to allow kiro-d3f333d
    Allow clicked - exiting flow
  [!] Error: Timeout waiting for auth code
[4/10] 8l506o9vqm@havenhaus.in (Vivaan Miller)
  Password: TestPass4717#
    Initial body: 

Allow kiro-43529472 to access your data?
By choosing Allow access, you agree to allow kiro-4352947
    Allow clicked - exiting flow
  [!] Error: Timeout waiting for auth code
[5/10] wz6dc3vwzc@havenhaus.in (Lucas Agarwal)
  Password: TestPass2248!
    Initial body: 

Allow kiro-739a3d57 to access your data?
By choosing Allow access, you agree to allow kiro-739a3d5
    Allow clicked - exiting flow
  [!] Error: Timeout waiting for auth code
[6/10] anh5xyygq5@havenhaus.in (Kabir Hernandez)
  Password: TestPass8553#
    Initial body: 

Allow kiro-e622925e to access your data?
By choosing Allow access, you agree to allow kiro-e622925
    Allow clicked - exiting flow
