nohup: ignoring input
[*] Creating 10 accounts...
[1/10] uzrxayxc0m@havenhaus.in (Logan Lopez)
  Password: TestPass9678%
    Initial body: 
    [!] Body empty, waiting more... URL: https://view.awsapps.com/start/#/?clientId=CGH-o3BuZpw1OxULp2J1fXVzLWVhc3QtMQ&cl
    [!] Body empty, waiting more... URL: https://view.awsapps.com/start/#/?clientId=CGH-o3BuZpw1OxULp2J1fXVzLWVhc3QtMQ&cl
    [!] Body empty, waiting more... URL: https://view.awsapps.com/start/#/?clientId=CGH-o3BuZpw1OxULp2J1fXVzLWVhc3QtMQ&cl
    [!] Body empty, waiting more... URL: https://view.awsapps.com/start/#/?clientId=CGH-o3BuZpw1OxULp2J1fXVzLWVhc3QtMQ&cl
    [!] Body empty, waiting more... URL: https://view.awsapps.com/start/#/?clientId=CGH-o3BuZpw1OxULp2J1fXVzLWVhc3QtMQ&cl
    [!] Body empty, waiting more... URL: https://view.awsapps.com/start/#/?clientId=CGH-o3BuZpw1OxULp2J1fXVzLWVhc3QtMQ&cl
    [!] Body empty, waiting more... URL: https://view.awsapps.com/start/#/?clientId=CGH-o3BuZpw1OxULp2J1fXVzLWVhc3QtMQ&cl
    [!] Body empty, waiting more... URL: https://view.awsapps.com/start/#/?clientId=CGH-o3BuZpw1OxULp2J1fXVzLWVhc3QtMQ&cl
    [!] Body empty, waiting more... URL: https://view.awsapps.com/start/#/?clientId=CGH-o3BuZpw1OxULp2J1fXVzLWVhc3QtMQ&cl
    [!] Body empty, waiting more... URL: https://view.awsapps.com/start/#/?clientId=CGH-o3BuZpw1OxULp2J1fXVzLWVhc3QtMQ&cl
    [!] Body empty, waiting more... URL: https://view.awsapps.com/start/#/?clientId=CGH-o3BuZpw1OxULp2J1fXVzLWVhc3QtMQ&cl
    [!] Body empty, waiting more... URL: https://view.awsapps.com/start/#/?clientId=CGH-o3BuZpw1OxULp2J1fXVzLWVhc3QtMQ&cl
    [!] Body empty, waiting more... URL: https://view.awsapps.com/start/#/?clientId=CGH-o3BuZpw1OxULp2J1fXVzLWVhc3QtMQ&cl
    [!] Body empty, waiting more... URL: https://view.awsapps.com/start/#/?clientId=CGH-o3BuZpw1OxULp2J1fXVzLWVhc3QtMQ&cl
    [!] Body empty, waiting more... URL: https://view.awsapps.com/start/#/?clientId=CGH-o3BuZpw1OxULp2J1fXVzLWVhc3QtMQ&cl
    [!] Body empty, waiting more... URL: https://view.awsapps.com/start/#/?clientId=CGH-o3BuZpw1OxULp2J1fXVzLWVhc3QtMQ&cl
    [!] Body empty, waiting more... URL: https://view.awsapps.com/start/#/?clientId=CGH-o3BuZpw1OxULp2J1fXVzLWVhc3QtMQ&cl
    [!] Body empty, waiting more... URL: https://view.awsapps.com/start/#/?clientId=CGH-o3BuZpw1OxULp2J1fXVzLWVhc3QtMQ&cl
    [!] Body empty, waiting more... URL: https://view.awsapps.com/start/#/?clientId=CGH-o3BuZpw1OxULp2J1fXVzLWVhc3QtMQ&cl
    [!] Body empty, waiting more... URL: https://view.awsapps.com/start/#/?clientId=CGH-o3BuZpw1OxULp2J1fXVzLWVhc3QtMQ&cl
  [!] Error: No Allow. Step: email. Body: 
[2/10] dxgc5p3cne@havenhaus.in (Ayaan Rao)
  Password: TestPass7166@
    Initial body: 

Allow kiro-32f4ca85 to access your data?
By choosing Allow access, you agree to allow kiro-32f4ca8
    Allow clicked - exiting flow
  [!] Error: Timeout waiting for auth code
[3/10] xas8c88uvl@havenhaus.in (Ishaan Jones)
  Password: TestPass8086@
    Initial body: 

Allow kiro-0b457295 to access your data?
By choosing Allow access, you agree to allow kiro-0b45729
    Allow clicked - exiting flow
